../Core/Src/main.c:131:6:Cell	16	static
../Core/Src/main.c:142:6:Maze	32	static
../Core/Src/main.c:183:6:Maze_SIM	16	static
../Core/Src/main.c:231:6:Maze_SIM_16x16	16	static
../Core/Src/main.c:1514:6:SIM_move_forward	16	static
../Core/Src/main.c:1521:6:SIM_turn_right	16	static
../Core/Src/main.c:1528:6:SIM_turn_left	16	static
../Core/Src/main.c:1535:9:SIM_wall_left	16	static
../Core/Src/main.c:1542:9:SIM_wall_right	16	static
../Core/Src/main.c:1549:9:SIM_wall_front	16	static
../Core/Src/main.c:1556:9:SIM_wall_back	16	static
../Core/Src/main.c:1566:6:update_walls	16	static
../Core/Src/main.c:1734:6:update_adjacents	16	static
../Core/Src/main.c:1797:6:move_forward	16	static
../Core/Src/main.c:1824:6:turn_left	16	static
../Core/Src/main.c:1851:6:turn_right	16	static
../Core/Src/main.c:1880:6:enq	16	static
../Core/Src/main.c:1892:6:deq	16	static
../Core/Src/main.c:1901:6:to_prev_intersection	72	static
../Core/Src/main.c:2168:6:tremaux_solve	24	static
../Core/Src/main.c:2235:5:main	6936	static
../Core/Src/main.c:2296:6:SystemClock_Config	128	static
../Core/Src/main.c:2349:13:MX_RTC_Init	72	static
../Core/Src/main.c:2432:13:MX_SPI1_Init	8	static
../Core/Src/main.c:2470:13:MX_TIM7_Init	16	static
../Core/Src/main.c:2508:13:MX_USART2_UART_Init	8	static
../Core/Src/main.c:2543:13:MX_GPIO_Init	56	static
../Core/Src/main.c:2608:6:Error_Handler	8	static,ignoring_inline_asm
