../Core/Src/main.c:140:6:Cell	16	static
../Core/Src/main.c:151:6:Maze	32	static
../Core/Src/main.c:193:6:Maze_SIM	16	static
../Core/Src/main.c:241:6:Maze_SIM_16x16	16	static
../Core/Src/main.c:1524:6:SIM_move_forward	16	static
../Core/Src/main.c:1531:6:SIM_turn_right	16	static
../Core/Src/main.c:1538:6:SIM_turn_left	16	static
../Core/Src/main.c:1545:9:SIM_wall_left	16	static
../Core/Src/main.c:1552:9:SIM_wall_right	16	static
../Core/Src/main.c:1559:9:SIM_wall_front	16	static
../Core/Src/main.c:1566:9:SIM_wall_back	16	static
../Core/Src/main.c:1576:6:update_walls	16	static
../Core/Src/main.c:1744:6:update_adjacents	16	static
../Core/Src/main.c:1807:6:move_forward	16	static
../Core/Src/main.c:1834:6:turn_left	16	static
../Core/Src/main.c:1861:6:turn_right	16	static
../Core/Src/main.c:1890:6:enq	16	static
../Core/Src/main.c:1902:6:deq	16	static
../Core/Src/main.c:1911:6:to_prev_intersection	72	static
../Core/Src/main.c:2178:6:DFS_explore	24	static
../Core/Src/main.c:2254:6:bfs_solve	48	static
../Core/Src/main.c:2398:5:main	6936	static
../Core/Src/main.c:2467:6:SystemClock_Config	128	static
../Core/Src/main.c:2520:13:MX_RTC_Init	72	static
../Core/Src/main.c:2603:13:MX_SPI1_Init	8	static
../Core/Src/main.c:2641:13:MX_TIM7_Init	16	static
../Core/Src/main.c:2679:13:MX_USART2_UART_Init	8	static
../Core/Src/main.c:2714:13:MX_GPIO_Init	56	static
../Core/Src/main.c:2779:6:Error_Handler	8	static,ignoring_inline_asm
