../Core/Src/main.c:140:6:Cell	1
../Core/Src/main.c:151:6:Maze	3
../Core/Src/main.c:193:6:Maze_SIM	1
../Core/Src/main.c:241:6:Maze_SIM_16x16	1
../Core/Src/main.c:1524:6:SIM_move_forward	5
../Core/Src/main.c:1531:6:SIM_turn_right	5
../Core/Src/main.c:1538:6:SIM_turn_left	5
../Core/Src/main.c:1545:9:SIM_wall_left	9
../Core/Src/main.c:1552:9:SIM_wall_right	9
../Core/Src/main.c:1559:9:SIM_wall_front	9
../Core/Src/main.c:1566:9:SIM_wall_back	9
../Core/Src/main.c:1576:6:update_walls	41
../Core/Src/main.c:1744:6:update_adjacents	5
../Core/Src/main.c:1807:6:move_forward	5
../Core/Src/main.c:1834:6:turn_left	5
../Core/Src/main.c:1861:6:turn_right	5
../Core/Src/main.c:1890:6:enq	3
../Core/Src/main.c:1902:6:deq	3
../Core/Src/main.c:1911:6:to_prev_intersection	93
../Core/Src/main.c:2178:6:DFS_explore	39
../Core/Src/main.c:2254:6:flood_fill	39
../Core/Src/main.c:2484:5:main	1
../Core/Src/main.c:2553:6:SystemClock_Config	4
../Core/Src/main.c:2606:13:MX_RTC_Init	5
../Core/Src/main.c:2689:13:MX_SPI1_Init	2
../Core/Src/main.c:2727:13:MX_TIM7_Init	3
../Core/Src/main.c:2765:13:MX_USART2_UART_Init	2
../Core/Src/main.c:2800:13:MX_GPIO_Init	1
../Core/Src/main.c:2865:6:Error_Handler	1
