../Core/Src/main.c:26:6:Cell	1
../Core/Src/main.c:84:6:Maze	3
../Core/Src/main.c:126:6:Maze_SIM	1
../Core/Src/main.c:175:6:SIM_move_forward	5
../Core/Src/main.c:182:6:SIM_turn_right	5
../Core/Src/main.c:189:6:SIM_turn_left	5
../Core/Src/main.c:196:9:SIM_wall_left	9
../Core/Src/main.c:203:9:SIM_wall_right	9
../Core/Src/main.c:210:9:SIM_wall_front	9
../Core/Src/main.c:217:9:SIM_wall_back	9
../Core/Src/main.c:227:6:update_walls	37
../Core/Src/main.c:347:6:update_adjacents	5
../Core/Src/main.c:410:6:move_forward	5
../Core/Src/main.c:437:6:turn_left	5
../Core/Src/main.c:464:6:turn_right	5
../Core/Src/main.c:493:6:enq	3
../Core/Src/main.c:505:6:deq	3
../Core/Src/main.c:514:6:to_prev_intersection	93
../Core/Src/main.c:780:6:DFS_explore	39
../Core/Src/main.c:856:6:flood_fill	40
../Core/Src/main.c:1092:5:main	1
../Core/Src/main.c:1134:6:SystemClock_Config	4
../Core/Src/main.c:1187:6:Error_Handler	1
