../Core/Src/main.c:26:6:Cell	1
../Core/Src/main.c:84:6:Maze	3
../Core/Src/main.c:126:6:Maze_SIM	1
../Core/Src/main.c:174:6:Maze_SIM_16x16	1
../Core/Src/main.c:1462:6:SIM_move_forward	5
../Core/Src/main.c:1469:6:SIM_turn_right	5
../Core/Src/main.c:1476:6:SIM_turn_left	5
../Core/Src/main.c:1483:9:SIM_wall_left	9
../Core/Src/main.c:1490:9:SIM_wall_right	9
../Core/Src/main.c:1497:9:SIM_wall_front	9
../Core/Src/main.c:1504:9:SIM_wall_back	9
../Core/Src/main.c:1514:6:update_walls	41
../Core/Src/main.c:1682:6:update_adjacents	5
../Core/Src/main.c:1745:6:move_forward	5
../Core/Src/main.c:1772:6:turn_left	5
../Core/Src/main.c:1799:6:turn_right	5
../Core/Src/main.c:1828:6:enq	2
../Core/Src/main.c:1840:6:deq	3
../Core/Src/main.c:1849:6:to_prev_intersection	92
../Core/Src/main.c:2115:6:DFS_explore	39
../Core/Src/main.c:2191:6:flood_fill	39
../Core/Src/main.c:2429:5:main	1
../Core/Src/main.c:2473:6:SystemClock_Config	4
../Core/Src/main.c:2526:6:Error_Handler	1
