../Core/Src/main.c:25:6:Cell	16	static
../Core/Src/main.c:65:6:Maze	32	static
../Core/Src/main.c:104:6:Maze_SIM	16	static
../Core/Src/main.c:152:6:SIM_move_forward	16	static
../Core/Src/main.c:159:6:SIM_turn_right	16	static
../Core/Src/main.c:166:6:SIM_turn_left	16	static
../Core/Src/main.c:173:9:SIM_wall_left	16	static
../Core/Src/main.c:180:9:SIM_wall_right	16	static
../Core/Src/main.c:187:9:SIM_wall_front	16	static
../Core/Src/main.c:194:9:SIM_wall_back	16	static
../Core/Src/main.c:238:5:main	312	static
../Core/Src/main.c:294:6:SystemClock_Config	128	static
../Core/Src/main.c:347:13:MX_RTC_Init	72	static
../Core/Src/main.c:430:13:MX_SPI1_Init	8	static
../Core/Src/main.c:468:13:MX_USART2_UART_Init	8	static
../Core/Src/main.c:503:13:MX_GPIO_Init	56	static
../Core/Src/main.c:568:6:Error_Handler	8	static,ignoring_inline_asm
