../Core/Src/main.c:37:6:Cell	16	static
../Core/Src/main.c:95:6:Maze	32	static
../Core/Src/main.c:137:6:Maze_SIM	16	static
../Core/Src/main.c:185:6:Maze_SIM_16x16	16	static
../Core/Src/main.c:1468:6:SIM_move_forward	16	static
../Core/Src/main.c:1475:6:SIM_turn_right	16	static
../Core/Src/main.c:1482:6:SIM_turn_left	16	static
../Core/Src/main.c:1489:9:SIM_wall_left	16	static
../Core/Src/main.c:1496:9:SIM_wall_right	16	static
../Core/Src/main.c:1503:9:SIM_wall_front	16	static
../Core/Src/main.c:1510:9:SIM_wall_back	16	static
../Core/Src/main.c:1520:6:update_walls	16	static
../Core/Src/main.c:1688:6:update_adjacents	16	static
../Core/Src/main.c:1751:6:move_forward	16	static
../Core/Src/main.c:1778:6:turn_left	16	static
../Core/Src/main.c:1805:6:turn_right	16	static
../Core/Src/main.c:1834:6:enq	16	static
../Core/Src/main.c:1846:6:deq	16	static
../Core/Src/main.c:1855:6:to_prev_intersection	72	static
../Core/Src/main.c:2122:6:DFS_explore	24	static
../Core/Src/main.c:2198:6:flood_fill	48	static
../Core/Src/main.c:2430:5:main	6936	static
../Core/Src/main.c:2471:6:SystemClock_Config	128	static
../Core/Src/main.c:2524:13:MX_RTC_Init	72	static
../Core/Src/main.c:2607:13:MX_SPI1_Init	8	static
../Core/Src/main.c:2645:13:MX_USART2_UART_Init	8	static
../Core/Src/main.c:2680:13:MX_GPIO_Init	56	static
../Core/Src/main.c:2745:6:Error_Handler	8	static,ignoring_inline_asm
