../Core/Src/main.c:26:6:Cell	16	static
../Core/Src/main.c:66:6:Maze	32	static
../Core/Src/main.c:105:6:Maze_SIM	16	static
../Core/Src/main.c:153:6:SIM_move_forward	16	static
../Core/Src/main.c:160:6:SIM_turn_right	16	static
../Core/Src/main.c:167:6:SIM_turn_left	16	static
../Core/Src/main.c:174:9:SIM_wall_left	16	static
../Core/Src/main.c:181:9:SIM_wall_right	16	static
../Core/Src/main.c:188:9:SIM_wall_front	16	static
../Core/Src/main.c:195:9:SIM_wall_back	16	static
../Core/Src/main.c:205:6:update_walls	16	static
../Core/Src/main.c:325:6:update_adjacents	16	static
../Core/Src/main.c:388:6:move_forward	16	static
../Core/Src/main.c:415:6:turn_left	16	static
../Core/Src/main.c:442:6:turn_right	16	static
../Core/Src/main.c:471:6:enq	16	static
../Core/Src/main.c:481:6:deq	16	static
../Core/Src/main.c:488:6:to_prev_intersection	96	static
../Core/Src/main.c:753:6:DFS_explore	24	static
../Core/Src/main.c:837:5:main	632	static
../Core/Src/main.c:884:6:SystemClock_Config	128	static
../Core/Src/main.c:937:13:MX_RTC_Init	72	static
../Core/Src/main.c:1020:13:MX_SPI1_Init	8	static
../Core/Src/main.c:1058:13:MX_USART2_UART_Init	8	static
../Core/Src/main.c:1093:13:MX_GPIO_Init	56	static
../Core/Src/main.c:1158:6:Error_Handler	8	static,ignoring_inline_asm
