../Core/Src/main.c:25:6:Cell	16	static
../Core/Src/main.c:65:6:Maze	32	static
../Core/Src/main.c:104:6:Maze_SIM	16	static
../Core/Src/main.c:152:6:SIM_move_forward	16	static
../Core/Src/main.c:159:6:SIM_turn_right	16	static
../Core/Src/main.c:166:6:SIM_turn_left	16	static
../Core/Src/main.c:173:9:SIM_wall_left	16	static
../Core/Src/main.c:180:9:SIM_wall_right	16	static
../Core/Src/main.c:187:9:SIM_wall_front	16	static
../Core/Src/main.c:194:9:SIM_wall_back	16	static
../Core/Src/main.c:203:6:update_walls	16	static
../Core/Src/main.c:323:6:update_adjacents	16	static
../Core/Src/main.c:394:5:main	632	static
../Core/Src/main.c:424:6:SystemClock_Config	128	static
../Core/Src/main.c:477:13:MX_RTC_Init	72	static
../Core/Src/main.c:560:13:MX_SPI1_Init	8	static
../Core/Src/main.c:598:13:MX_USART2_UART_Init	8	static
../Core/Src/main.c:633:13:MX_GPIO_Init	56	static
../Core/Src/main.c:698:6:Error_Handler	8	static,ignoring_inline_asm
