../Core/Src/main.c:27:6:Cell	16	static
../Core/Src/main.c:85:6:Maze	32	static
../Core/Src/main.c:127:6:Maze_SIM	16	static
../Core/Src/main.c:175:6:Maze_SIM_16x16	16	static
../Core/Src/main.c:1458:6:SIM_move_forward	16	static
../Core/Src/main.c:1465:6:SIM_turn_right	16	static
../Core/Src/main.c:1472:6:SIM_turn_left	16	static
../Core/Src/main.c:1479:9:SIM_wall_left	16	static
../Core/Src/main.c:1486:9:SIM_wall_right	16	static
../Core/Src/main.c:1493:9:SIM_wall_front	16	static
../Core/Src/main.c:1500:9:SIM_wall_back	16	static
../Core/Src/main.c:1510:6:update_walls	16	static
../Core/Src/main.c:1678:6:update_adjacents	16	static
../Core/Src/main.c:1741:6:move_forward	16	static
../Core/Src/main.c:1768:6:turn_left	16	static
../Core/Src/main.c:1795:6:turn_right	16	static
../Core/Src/main.c:1824:6:enq	16	static
../Core/Src/main.c:1836:6:deq	16	static
../Core/Src/main.c:1845:6:to_prev_intersection	72	static
../Core/Src/main.c:2112:6:DFS_explore	24	static
../Core/Src/main.c:2188:6:flood_fill	48	static
../Core/Src/main.c:2420:5:main	6944	static
../Core/Src/main.c:2454:6:SystemClock_Config	128	static
../Core/Src/main.c:2507:13:MX_RTC_Init	72	static
../Core/Src/main.c:2590:13:MX_SPI1_Init	8	static
../Core/Src/main.c:2628:13:MX_USART2_UART_Init	8	static
../Core/Src/main.c:2663:13:MX_GPIO_Init	56	static
../Core/Src/main.c:2728:6:Error_Handler	8	static,ignoring_inline_asm
