../Core/Src/main.c:27:6:Cell	16	static
../Core/Src/main.c:69:6:Maze	32	static
../Core/Src/main.c:110:6:Maze_SIM	16	static
../Core/Src/main.c:158:6:SIM_move_forward	16	static
../Core/Src/main.c:165:6:SIM_turn_right	16	static
../Core/Src/main.c:172:6:SIM_turn_left	16	static
../Core/Src/main.c:179:9:SIM_wall_left	16	static
../Core/Src/main.c:186:9:SIM_wall_right	16	static
../Core/Src/main.c:193:9:SIM_wall_front	16	static
../Core/Src/main.c:200:9:SIM_wall_back	16	static
../Core/Src/main.c:210:6:update_walls	16	static
../Core/Src/main.c:330:6:update_adjacents	16	static
../Core/Src/main.c:393:6:move_forward	16	static
../Core/Src/main.c:420:6:turn_left	16	static
../Core/Src/main.c:447:6:turn_right	16	static
../Core/Src/main.c:476:6:enq	16	static
../Core/Src/main.c:486:6:deq	16	static
../Core/Src/main.c:493:6:to_prev_intersection	96	static
../Core/Src/main.c:758:6:DFS_explore	24	static
../Core/Src/main.c:834:6:flood_fill	48	static
../Core/Src/main.c:1063:5:main	680	static
../Core/Src/main.c:1094:6:SystemClock_Config	128	static
../Core/Src/main.c:1147:13:MX_RTC_Init	72	static
../Core/Src/main.c:1230:13:MX_SPI1_Init	8	static
../Core/Src/main.c:1268:13:MX_USART2_UART_Init	8	static
../Core/Src/main.c:1303:13:MX_GPIO_Init	56	static
../Core/Src/main.c:1368:6:Error_Handler	8	static,ignoring_inline_asm
