../Core/Src/main.c:27:6:Cell	16	static
../Core/Src/main.c:85:6:Maze	32	static
../Core/Src/main.c:127:6:Maze_SIM	16	static
../Core/Src/main.c:175:6:SIM_move_forward	16	static
../Core/Src/main.c:182:6:SIM_turn_right	16	static
../Core/Src/main.c:189:6:SIM_turn_left	16	static
../Core/Src/main.c:196:9:SIM_wall_left	16	static
../Core/Src/main.c:203:9:SIM_wall_right	16	static
../Core/Src/main.c:210:9:SIM_wall_front	16	static
../Core/Src/main.c:217:9:SIM_wall_back	16	static
../Core/Src/main.c:227:6:update_walls	16	static
../Core/Src/main.c:347:6:update_adjacents	16	static
../Core/Src/main.c:410:6:move_forward	16	static
../Core/Src/main.c:437:6:turn_left	16	static
../Core/Src/main.c:464:6:turn_right	16	static
../Core/Src/main.c:493:6:enq	16	static
../Core/Src/main.c:505:6:deq	16	static
../Core/Src/main.c:514:6:to_prev_intersection	96	static
../Core/Src/main.c:780:6:DFS_explore	24	static
../Core/Src/main.c:856:6:flood_fill	48	static
../Core/Src/main.c:1085:5:main	680	static
../Core/Src/main.c:1118:6:SystemClock_Config	128	static
../Core/Src/main.c:1171:13:MX_RTC_Init	72	static
../Core/Src/main.c:1254:13:MX_SPI1_Init	8	static
../Core/Src/main.c:1292:13:MX_USART2_UART_Init	8	static
../Core/Src/main.c:1327:13:MX_GPIO_Init	56	static
../Core/Src/main.c:1392:6:Error_Handler	8	static,ignoring_inline_asm
