../Core/Src/main.c:27:6:Cell	1
../Core/Src/main.c:67:6:Maze	3
../Core/Src/main.c:106:6:Maze_SIM	1
../Core/Src/main.c:154:6:SIM_move_forward	5
../Core/Src/main.c:161:6:SIM_turn_right	5
../Core/Src/main.c:168:6:SIM_turn_left	5
../Core/Src/main.c:175:9:SIM_wall_left	9
../Core/Src/main.c:182:9:SIM_wall_right	9
../Core/Src/main.c:189:9:SIM_wall_front	9
../Core/Src/main.c:196:9:SIM_wall_back	9
../Core/Src/main.c:206:6:update_walls	37
../Core/Src/main.c:326:6:update_adjacents	5
../Core/Src/main.c:389:6:move_forward	5
../Core/Src/main.c:416:6:turn_left	5
../Core/Src/main.c:443:6:turn_right	5
../Core/Src/main.c:472:6:enq	2
../Core/Src/main.c:482:6:deq	1
../Core/Src/main.c:489:6:to_prev_intersection	94
../Core/Src/main.c:754:6:DFS_explore	38
../Core/Src/main.c:838:5:main	1
../Core/Src/main.c:868:6:SystemClock_Config	4
../Core/Src/main.c:921:13:MX_RTC_Init	5
../Core/Src/main.c:1004:13:MX_SPI1_Init	2
../Core/Src/main.c:1042:13:MX_USART2_UART_Init	2
../Core/Src/main.c:1077:13:MX_GPIO_Init	1
../Core/Src/main.c:1142:6:Error_Handler	1
