../Core/Src/main.c:27:6:Cell	16	static
../Core/Src/main.c:85:6:Maze	32	static
../Core/Src/main.c:127:6:Maze_SIM	16	static
../Core/Src/main.c:175:6:Maze_SIM_16x16	16	static
../Core/Src/main.c:1460:6:SIM_move_forward	16	static
../Core/Src/main.c:1467:6:SIM_turn_right	16	static
../Core/Src/main.c:1474:6:SIM_turn_left	16	static
../Core/Src/main.c:1481:9:SIM_wall_left	16	static
../Core/Src/main.c:1488:9:SIM_wall_right	16	static
../Core/Src/main.c:1495:9:SIM_wall_front	16	static
../Core/Src/main.c:1502:9:SIM_wall_back	16	static
../Core/Src/main.c:1512:6:update_walls	16	static
../Core/Src/main.c:1632:6:update_adjacents	16	static
../Core/Src/main.c:1695:6:move_forward	16	static
../Core/Src/main.c:1722:6:turn_left	16	static
../Core/Src/main.c:1749:6:turn_right	16	static
../Core/Src/main.c:1778:6:enq	16	static
../Core/Src/main.c:1790:6:deq	16	static
../Core/Src/main.c:1799:6:to_prev_intersection	176	static
../Core/Src/main.c:2065:6:DFS_explore	24	static
../Core/Src/main.c:2141:6:flood_fill	48	static
../Core/Src/main.c:2370:5:main	5680	static
../Core/Src/main.c:2404:6:SystemClock_Config	128	static
../Core/Src/main.c:2457:13:MX_RTC_Init	72	static
../Core/Src/main.c:2540:13:MX_SPI1_Init	8	static
../Core/Src/main.c:2578:13:MX_USART2_UART_Init	8	static
../Core/Src/main.c:2613:13:MX_GPIO_Init	56	static
../Core/Src/main.c:2678:6:Error_Handler	8	static,ignoring_inline_asm
