../Core/Src/main.c:25:6:Cell	1
../Core/Src/main.c:65:6:Maze	3
../Core/Src/main.c:104:6:Maze_SIM	1
../Core/Src/main.c:152:6:SIM_move_forward	5
../Core/Src/main.c:159:6:SIM_turn_right	5
../Core/Src/main.c:166:6:SIM_turn_left	5
../Core/Src/main.c:173:9:SIM_wall_left	9
../Core/Src/main.c:180:9:SIM_wall_right	9
../Core/Src/main.c:187:9:SIM_wall_front	9
../Core/Src/main.c:194:9:SIM_wall_back	9
../Core/Src/main.c:203:6:update_walls	37
../Core/Src/main.c:323:6:update_adjacents	5
../Core/Src/main.c:386:6:move_forward	5
../Core/Src/main.c:421:5:main	1
../Core/Src/main.c:454:6:SystemClock_Config	4
../Core/Src/main.c:507:13:MX_RTC_Init	5
../Core/Src/main.c:590:13:MX_SPI1_Init	2
../Core/Src/main.c:628:13:MX_USART2_UART_Init	2
../Core/Src/main.c:663:13:MX_GPIO_Init	1
../Core/Src/main.c:728:6:Error_Handler	1
