20:03:04 **** Incremental Build of configuration Debug for project algo_test_1 ****
make -j18 all 
arm-none-eabi-gcc "../Core/Src/main.c" -mcpu=cortex-m0plus -std=gnu11 -g3 -DDEBUG -DUSE_HAL_DRIVER -DSTM32L072xx -c -I../Core/Inc -I../Drivers/STM32L0xx_HAL_Driver/Inc -I../Drivers/STM32L0xx_HAL_Driver/Inc/Legacy -I../Drivers/CMSIS/Device/ST/STM32L0xx/Include -I../Drivers/CMSIS/Include -O0 -ffunction-sections -fdata-sections -Wall -fstack-usage -fcyclomatic-complexity -MMD -MP -MF"Core/Src/main.d" -MT"Core/Src/main.o" --specs=nano.specs -mfloat-abi=soft -mthumb -o "Core/Src/main.o"
arm-none-eabi-gcc -o "algo_test_1.elf" @"objects.list"   -mcpu=cortex-m0plus -T"C:\Users\Syed Fardin\Desktop\Coding\maze-solver-stm32\algo_test_1\STM32L072CZYX_FLASH.ld" --specs=nosys.specs -Wl,-Map="algo_test_1.map" -Wl,--gc-sections -static --specs=nano.specs -mfloat-abi=soft -mthumb -Wl,--start-group -lc -lm -Wl,--end-group
Finished building target: algo_test_1.elf
 
arm-none-eabi-size  algo_test_1.elf 
arm-none-eabi-objdump -h -S algo_test_1.elf  > "algo_test_1.list"
   text	   data	    bss	    dec	    hex	filename
  41712	     12	   1860	  43584	   aa40	algo_test_1.elf
Finished building: default.size.stdout
 
Finished building: algo_test_1.list
 

20:03:10 Build Finished. 0 errors, 0 warnings. (took 6s.176ms)

