15:34:06 **** Incremental Build of configuration Debug for project bfs_timer_test ****
make -j18 all 
arm-none-eabi-gcc "../Core/Src/main.c" -mcpu=cortex-m0plus -std=gnu11 -g3 -DDEBUG -DUSE_HAL_DRIVER -DSTM32L072xx -c -I../Core/Inc -I../Drivers/STM32L0xx_HAL_Driver/Inc -I../Drivers/STM32L0xx_HAL_Driver/Inc/Legacy -I../Drivers/CMSIS/Device/ST/STM32L0xx/Include -I../Drivers/CMSIS/Include -O0 -ffunction-sections -fdata-sections -Wall -fstack-usage -fcyclomatic-complexity -MMD -MP -MF"Core/Src/main.d" -MT"Core/Src/main.o" --specs=nano.specs -mfloat-abi=soft -mthumb -o "Core/Src/main.o"
arm-none-eabi-gcc -o "bfs_timer_test.elf" @"objects.list"   -mcpu=cortex-m0plus -T"C:\Users\Syed Fardin\Desktop\Coding\maze-solver-stm32\bfs_timer_test\STM32L072CZYX_FLASH.ld" --specs=nosys.specs -Wl,-Map="bfs_timer_test.map" -Wl,--gc-sections -static --specs=nano.specs -mfloat-abi=soft -mthumb -Wl,--start-group -lc -lm -Wl,--end-group
Finished building target: bfs_timer_test.elf
 
arm-none-eabi-size  bfs_timer_test.elf 
arm-none-eabi-objdump -h -S bfs_timer_test.elf  > "bfs_timer_test.list"
   text	   data	    bss	    dec	    hex	filename
  41780	     12	   1908	  43700	   aab4	bfs_timer_test.elf
Finished building: default.size.stdout
 
Finished building: bfs_timer_test.list
 

15:34:08 Build Finished. 0 errors, 0 warnings. (took 1s.569ms)

