16:36:07 **** Incremental Build of configuration Debug for project tremaux_algo ****
make -j18 all 
arm-none-eabi-gcc "../Core/Src/main.c" -mcpu=cortex-m0plus -std=gnu11 -g3 -DDEBUG -DUSE_HAL_DRIVER -DSTM32L072xx -c -I../Core/Inc -I../Drivers/STM32L0xx_HAL_Driver/Inc -I../Drivers/STM32L0xx_HAL_Driver/Inc/Legacy -I../Drivers/CMSIS/Device/ST/STM32L0xx/Include -I../Drivers/CMSIS/Include -O0 -ffunction-sections -fdata-sections -Wall -fstack-usage -fcyclomatic-complexity -MMD -MP -MF"Core/Src/main.d" -MT"Core/Src/main.o" --specs=nano.specs -mfloat-abi=soft -mthumb -o "Core/Src/main.o"
arm-none-eabi-gcc -o "tremaux_algo.elf" @"objects.list"   -mcpu=cortex-m0plus -T"C:\Users\Syed Fardin\Desktop\Coding\maze-solver-stm32\tremaux_algo\STM32L072CZYX_FLASH.ld" --specs=nosys.specs -Wl,-Map="tremaux_algo.map" -Wl,--gc-sections -static --specs=nano.specs -mfloat-abi=soft -mthumb -Wl,--start-group -lc -lm -Wl,--end-group
Finished building target: tremaux_algo.elf
 
arm-none-eabi-size  tremaux_algo.elf 
arm-none-eabi-objdump -h -S tremaux_algo.elf  > "tremaux_algo.list"
   text	   data	    bss	    dec	    hex	filename
  39212	     12	   1900	  41124	   a0a4	tremaux_algo.elf
Finished building: default.size.stdout
 
Finished building: tremaux_algo.list
 

16:36:09 Build Finished. 0 errors, 0 warnings. (took 1s.572ms)

